# DesignMap adding edges testing file.
# Tests that edges can be added to the map
# with new nodes also automatically added to the map

# Create a graph
created graph map1

# Add a pair of nodes to map1
added node n1 to map1
added node n2 to map1

# Add a pair of edges
added edge e1 from n1 to n2 in map1
added edge e2 from n2 to n1 in map1
