# Find a path with Dijkstra's algorithm when
# multiple paths are possible.

created graph simpleGraph

added node S to simpleGraph
added node T to simpleGraph
added node X to simpleGraph
added node Y to simpleGraph
added node Z to simpleGraph

added edge 6.000 from S to T in simpleGraph
added edge 7.000 from S to Y in simpleGraph
added edge 8.000 from T to Y in simpleGraph
added edge 9.000 from Y to Z in simpleGraph
added edge 3.000 from Y to X in simpleGraph
added edge 4.000 from T to Z in simpleGraph
added edge 5.000 from T to X in simpleGraph
added edge 2.000 from X to T in simpleGraph
added edge 7.000 from Z to X in simpleGraph

path from S to X:
S to Y with weight 7.000
Y to X with weight 3.000
total cost: 10.000
